
===========================================================================
report_checks -unconstrained
===========================================================================
======================= Fastest Corner ===================================

Startpoint: _189_ (rising edge-triggered flip-flop clocked by clk)
Endpoint: busy (output port clocked by clk)
Path Group: clk
Path Type: max
Corner: Fastest

Fanout     Cap    Slew   Delay    Time   Description
-----------------------------------------------------------------------------
                          0.00    0.00   clock clk (rise edge)
                          0.00    0.00   clock source latency
     1    0.02    0.06    0.04    0.04 ^ clk (in)
                                         clk (net)
                  0.06    0.00    0.04 ^ clkbuf_0_clk/A (sky130_fd_sc_hd__clkbuf_16)
     4    0.04    0.05    0.11    0.15 ^ clkbuf_0_clk/X (sky130_fd_sc_hd__clkbuf_16)
                                         clknet_0_clk (net)
                  0.05    0.00    0.15 ^ clkbuf_2_3__f_clk/A (sky130_fd_sc_hd__clkbuf_16)
     9    0.03    0.04    0.10    0.25 ^ clkbuf_2_3__f_clk/X (sky130_fd_sc_hd__clkbuf_16)
                                         clknet_2_3__leaf_clk (net)
                  0.04    0.00    0.25 ^ _189_/CLK (sky130_fd_sc_hd__dfxtp_1)
     8    0.02    0.16    0.29    0.55 ^ _189_/Q (sky130_fd_sc_hd__dfxtp_1)
                                         tx_busy (net)
                  0.16    0.00    0.55 ^ _079_/A (sky130_fd_sc_hd__buf_2)
    10    0.04    0.14    0.18    0.73 ^ _079_/X (sky130_fd_sc_hd__buf_2)
                                         _063_ (net)
                  0.14    0.00    0.73 ^ _080_/B (sky130_fd_sc_hd__or2_1)
     1    0.00    0.03    0.08    0.81 ^ _080_/X (sky130_fd_sc_hd__or2_1)
                                         net14 (net)
                  0.03    0.00    0.81 ^ output14/A (sky130_fd_sc_hd__buf_1)
     1    0.00    0.03    0.05    0.86 ^ output14/X (sky130_fd_sc_hd__buf_1)
                                         busy (net)
                  0.03    0.00    0.86 ^ busy (out)
                                  0.86   data arrival time

                         10.00   10.00   clock clk (rise edge)
                          0.00   10.00   clock network delay (propagated)
                         -0.25    9.75   clock uncertainty
                          0.00    9.75   clock reconvergence pessimism
                         -2.00    7.75   output external delay
                                  7.75   data required time
-----------------------------------------------------------------------------
                                  7.75   data required time
                                 -0.86   data arrival time
-----------------------------------------------------------------------------
                                  6.89   slack (MET)



======================= Slowest Corner ===================================

Startpoint: _164_ (rising edge-triggered flip-flop clocked by clk)
Endpoint: busy (output port clocked by clk)
Path Group: clk
Path Type: max
Corner: Slowest

Fanout     Cap    Slew   Delay    Time   Description
-----------------------------------------------------------------------------
                          0.00    0.00   clock clk (rise edge)
                          0.00    0.00   clock source latency
     1    0.02    0.12    0.08    0.08 ^ clk (in)
                                         clk (net)
                  0.12    0.00    0.08 ^ clkbuf_0_clk/A (sky130_fd_sc_hd__clkbuf_16)
     4    0.04    0.10    0.29    0.37 ^ clkbuf_0_clk/X (sky130_fd_sc_hd__clkbuf_16)
                                         clknet_0_clk (net)
                  0.10    0.00    0.37 ^ clkbuf_2_1__f_clk/A (sky130_fd_sc_hd__clkbuf_16)
    10    0.03    0.08    0.26    0.62 ^ clkbuf_2_1__f_clk/X (sky130_fd_sc_hd__clkbuf_16)
                                         clknet_2_1__leaf_clk (net)
                  0.08    0.00    0.63 ^ _164_/CLK (sky130_fd_sc_hd__dfxtp_2)
     8    0.03    0.15    0.74    1.37 v _164_/Q (sky130_fd_sc_hd__dfxtp_2)
                                         rx_busy (net)
                  0.15    0.00    1.37 v _078_/A (sky130_fd_sc_hd__buf_2)
    10    0.04    0.18    0.41    1.78 v _078_/X (sky130_fd_sc_hd__buf_2)
                                         _062_ (net)
                  0.18    0.00    1.78 v _080_/A (sky130_fd_sc_hd__or2_1)
     1    0.00    0.10    0.57    2.35 v _080_/X (sky130_fd_sc_hd__or2_1)
                                         net14 (net)
                  0.10    0.00    2.35 v output14/A (sky130_fd_sc_hd__buf_1)
     1    0.00    0.04    0.18    2.52 v output14/X (sky130_fd_sc_hd__buf_1)
                                         busy (net)
                  0.04    0.00    2.52 v busy (out)
                                  2.52   data arrival time

                         10.00   10.00   clock clk (rise edge)
                          0.00   10.00   clock network delay (propagated)
                         -0.25    9.75   clock uncertainty
                          0.00    9.75   clock reconvergence pessimism
                         -2.00    7.75   output external delay
                                  7.75   data required time
-----------------------------------------------------------------------------
                                  7.75   data required time
                                 -2.52   data arrival time
-----------------------------------------------------------------------------
                                  5.23   slack (MET)



======================= Typical Corner ===================================

Startpoint: _164_ (rising edge-triggered flip-flop clocked by clk)
Endpoint: busy (output port clocked by clk)
Path Group: clk
Path Type: max
Corner: Typical

Fanout     Cap    Slew   Delay    Time   Description
-----------------------------------------------------------------------------
                          0.00    0.00   clock clk (rise edge)
                          0.00    0.00   clock source latency
     1    0.02    0.07    0.05    0.05 ^ clk (in)
                                         clk (net)
                  0.07    0.00    0.05 ^ clkbuf_0_clk/A (sky130_fd_sc_hd__clkbuf_16)
     4    0.04    0.06    0.16    0.21 ^ clkbuf_0_clk/X (sky130_fd_sc_hd__clkbuf_16)
                                         clknet_0_clk (net)
                  0.06    0.00    0.22 ^ clkbuf_2_1__f_clk/A (sky130_fd_sc_hd__clkbuf_16)
    10    0.03    0.05    0.15    0.36 ^ clkbuf_2_1__f_clk/X (sky130_fd_sc_hd__clkbuf_16)
                                         clknet_2_1__leaf_clk (net)
                  0.05    0.00    0.36 ^ _164_/CLK (sky130_fd_sc_hd__dfxtp_2)
     8    0.03    0.08    0.38    0.74 v _164_/Q (sky130_fd_sc_hd__dfxtp_2)
                                         rx_busy (net)
                  0.08    0.00    0.75 v _078_/A (sky130_fd_sc_hd__buf_2)
    10    0.04    0.09    0.21    0.96 v _078_/X (sky130_fd_sc_hd__buf_2)
                                         _062_ (net)
                  0.09    0.00    0.96 v _080_/A (sky130_fd_sc_hd__or2_1)
     1    0.00    0.05    0.25    1.21 v _080_/X (sky130_fd_sc_hd__or2_1)
                                         net14 (net)
                  0.05    0.00    1.21 v output14/A (sky130_fd_sc_hd__buf_1)
     1    0.00    0.02    0.09    1.30 v output14/X (sky130_fd_sc_hd__buf_1)
                                         busy (net)
                  0.02    0.00    1.30 v busy (out)
                                  1.30   data arrival time

                         10.00   10.00   clock clk (rise edge)
                          0.00   10.00   clock network delay (propagated)
                         -0.25    9.75   clock uncertainty
                          0.00    9.75   clock reconvergence pessimism
                         -2.00    7.75   output external delay
                                  7.75   data required time
-----------------------------------------------------------------------------
                                  7.75   data required time
                                 -1.30   data arrival time
-----------------------------------------------------------------------------
                                  6.45   slack (MET)




===========================================================================
report_checks --slack_max -0.01
============================================================================
======================= Fastest Corner ===================================

No paths found.

======================= Slowest Corner ===================================

No paths found.

======================= Typical Corner ===================================

No paths found.


===========================================================================
 report_check_types -max_slew -max_cap -max_fanout -violators
============================================================================
======================= Fastest Corner ===================================


max slew violations count Fastest: 0
max fanout violations count Fastest: 0
max cap violations count Fastest: 0
======================= Slowest Corner ===================================


max slew violations count Slowest: 0
max fanout violations count Slowest: 0
max cap violations count Slowest: 0
======================= Typical Corner ===================================


max slew violations count Typical: 0
max fanout violations count Typical: 0
max cap violations count Typical: 0

===========================================================================
report_parasitic_annotation -report_unannotated
============================================================================
Found 3 unannotated drivers.
 clkload0/Y
 clkload1/Y
 clkload2/Y
Found 0 partially unannotated drivers.

===========================================================================
max slew violation count 0
max fanout violation count 0
max cap violation count 0
============================================================================

===========================================================================
check_setup -verbose -unconstrained_endpoints -multiple_clock -no_clock -no_input_delay -loops -generated_clocks
===========================================================================
