
===========================================================================
report_checks -path_delay max (Setup)
============================================================================
======================= Typical Corner ===================================

Startpoint: _164_ (rising edge-triggered flip-flop clocked by clk)
Endpoint: busy (output port clocked by clk)
Path Group: clk
Path Type: max

Fanout     Cap    Slew   Delay    Time   Description
-----------------------------------------------------------------------------
                  0.15    0.00    0.00   clock clk (rise edge)
                          0.00    0.00   clock network delay (ideal)
                  0.15    0.00    0.00 ^ _164_/CLK (sky130_fd_sc_hd__dfxtp_2)
     8    0.03    0.14    0.45    0.45 ^ _164_/Q (sky130_fd_sc_hd__dfxtp_2)
                                         rx_busy (net)
                  0.14    0.00    0.45 ^ _078_/A (sky130_fd_sc_hd__buf_1)
    10    0.03    0.37    0.35    0.79 ^ _078_/X (sky130_fd_sc_hd__buf_1)
                                         _062_ (net)
                  0.37    0.00    0.79 ^ _080_/A (sky130_fd_sc_hd__or2_2)
     1    0.00    0.03    0.18    0.97 ^ _080_/X (sky130_fd_sc_hd__or2_2)
                                         busy (net)
                  0.03    0.00    0.97 ^ busy (out)
                                  0.97   data arrival time

                  0.15   10.00   10.00   clock clk (rise edge)
                          0.00   10.00   clock network delay (ideal)
                         -0.25    9.75   clock uncertainty
                          0.00    9.75   clock reconvergence pessimism
                         -2.00    7.75   output external delay
                                  7.75   data required time
-----------------------------------------------------------------------------
                                  7.75   data required time
                                 -0.97   data arrival time
-----------------------------------------------------------------------------
                                  6.78   slack (MET)


Startpoint: send (input port clocked by clk)
Endpoint: _161_ (rising edge-triggered flip-flop clocked by clk)
Path Group: clk
Path Type: max

Fanout     Cap    Slew   Delay    Time   Description
-----------------------------------------------------------------------------
                  0.15    0.00    0.00   clock clk (rise edge)
                          0.00    0.00   clock network delay (ideal)
                          2.00    2.00 v input external delay
     6    0.02    0.04    0.03    2.03 v send (in)
                                         send (net)
                  0.04    0.00    2.03 v _082_/B_N (sky130_fd_sc_hd__nor2b_2)
     8    0.02    0.07    0.20    2.23 v _082_/Y (sky130_fd_sc_hd__nor2b_2)
                                         _065_ (net)
                  0.07    0.00    2.23 v _098_/A2 (sky130_fd_sc_hd__a221o_2)
     1    0.00    0.05    0.40    2.63 v _098_/X (sky130_fd_sc_hd__a221o_2)
                                         _077_ (net)
                  0.05    0.00    2.63 v _099_/B (sky130_fd_sc_hd__and2_2)
     1    0.00    0.03    0.19    2.81 v _099_/X (sky130_fd_sc_hd__and2_2)
                                         _004_ (net)
                  0.03    0.00    2.81 v _161_/D (sky130_fd_sc_hd__dfxtp_2)
                                  2.81   data arrival time

                  0.15   10.00   10.00   clock clk (rise edge)
                          0.00   10.00   clock network delay (ideal)
                         -0.25    9.75   clock uncertainty
                          0.00    9.75   clock reconvergence pessimism
                                  9.75 ^ _161_/CLK (sky130_fd_sc_hd__dfxtp_2)
                         -0.08    9.67   library setup time
                                  9.67   data required time
-----------------------------------------------------------------------------
                                  9.67   data required time
                                 -2.81   data arrival time
-----------------------------------------------------------------------------
                                  6.85   slack (MET)


Startpoint: send (input port clocked by clk)
Endpoint: _162_ (rising edge-triggered flip-flop clocked by clk)
Path Group: clk
Path Type: max

Fanout     Cap    Slew   Delay    Time   Description
-----------------------------------------------------------------------------
                  0.15    0.00    0.00   clock clk (rise edge)
                          0.00    0.00   clock network delay (ideal)
                          2.00    2.00 v input external delay
     6    0.02    0.04    0.03    2.03 v send (in)
                                         send (net)
                  0.04    0.00    2.03 v _082_/B_N (sky130_fd_sc_hd__nor2b_2)
     8    0.02    0.07    0.20    2.23 v _082_/Y (sky130_fd_sc_hd__nor2b_2)
                                         _065_ (net)
                  0.07    0.00    2.23 v _101_/A2 (sky130_fd_sc_hd__a221o_2)
     1    0.00    0.05    0.39    2.62 v _101_/X (sky130_fd_sc_hd__a221o_2)
                                         _034_ (net)
                  0.05    0.00    2.62 v _102_/B (sky130_fd_sc_hd__and2_2)
     1    0.00    0.03    0.19    2.81 v _102_/X (sky130_fd_sc_hd__and2_2)
                                         _005_ (net)
                  0.03    0.00    2.81 v _162_/D (sky130_fd_sc_hd__dfxtp_2)
                                  2.81   data arrival time

                  0.15   10.00   10.00   clock clk (rise edge)
                          0.00   10.00   clock network delay (ideal)
                         -0.25    9.75   clock uncertainty
                          0.00    9.75   clock reconvergence pessimism
                                  9.75 ^ _162_/CLK (sky130_fd_sc_hd__dfxtp_2)
                         -0.08    9.67   library setup time
                                  9.67   data required time
-----------------------------------------------------------------------------
                                  9.67   data required time
                                 -2.81   data arrival time
-----------------------------------------------------------------------------
                                  6.85   slack (MET)


Startpoint: send (input port clocked by clk)
Endpoint: _160_ (rising edge-triggered flip-flop clocked by clk)
Path Group: clk
Path Type: max

Fanout     Cap    Slew   Delay    Time   Description
-----------------------------------------------------------------------------
                  0.15    0.00    0.00   clock clk (rise edge)
                          0.00    0.00   clock network delay (ideal)
                          2.00    2.00 v input external delay
     6    0.02    0.04    0.03    2.03 v send (in)
                                         send (net)
                  0.04    0.00    2.03 v _082_/B_N (sky130_fd_sc_hd__nor2b_2)
     8    0.02    0.07    0.20    2.23 v _082_/Y (sky130_fd_sc_hd__nor2b_2)
                                         _065_ (net)
                  0.07    0.00    2.23 v _095_/A2 (sky130_fd_sc_hd__a221o_2)
     1    0.00    0.05    0.39    2.62 v _095_/X (sky130_fd_sc_hd__a221o_2)
                                         _075_ (net)
                  0.05    0.00    2.62 v _096_/B (sky130_fd_sc_hd__and2_2)
     1    0.00    0.03    0.19    2.81 v _096_/X (sky130_fd_sc_hd__and2_2)
                                         _003_ (net)
                  0.03    0.00    2.81 v _160_/D (sky130_fd_sc_hd__dfxtp_2)
                                  2.81   data arrival time

                  0.15   10.00   10.00   clock clk (rise edge)
                          0.00   10.00   clock network delay (ideal)
                         -0.25    9.75   clock uncertainty
                          0.00    9.75   clock reconvergence pessimism
                                  9.75 ^ _160_/CLK (sky130_fd_sc_hd__dfxtp_2)
                         -0.08    9.67   library setup time
                                  9.67   data required time
-----------------------------------------------------------------------------
                                  9.67   data required time
                                 -2.81   data arrival time
-----------------------------------------------------------------------------
                                  6.85   slack (MET)


Startpoint: send (input port clocked by clk)
Endpoint: _163_ (rising edge-triggered flip-flop clocked by clk)
Path Group: clk
Path Type: max

Fanout     Cap    Slew   Delay    Time   Description
-----------------------------------------------------------------------------
                  0.15    0.00    0.00   clock clk (rise edge)
                          0.00    0.00   clock network delay (ideal)
                          2.00    2.00 v input external delay
     6    0.02    0.04    0.03    2.03 v send (in)
                                         send (net)
                  0.04    0.00    2.03 v _082_/B_N (sky130_fd_sc_hd__nor2b_2)
     8    0.02    0.07    0.20    2.23 v _082_/Y (sky130_fd_sc_hd__nor2b_2)
                                         _065_ (net)
                  0.07    0.00    2.23 v _104_/A2 (sky130_fd_sc_hd__a221o_2)
     1    0.00    0.05    0.39    2.62 v _104_/X (sky130_fd_sc_hd__a221o_2)
                                         _036_ (net)
                  0.05    0.00    2.62 v _105_/B (sky130_fd_sc_hd__and2_2)
     1    0.00    0.03    0.19    2.81 v _105_/X (sky130_fd_sc_hd__and2_2)
                                         _006_ (net)
                  0.03    0.00    2.81 v _163_/D (sky130_fd_sc_hd__dfxtp_2)
                                  2.81   data arrival time

                  0.15   10.00   10.00   clock clk (rise edge)
                          0.00   10.00   clock network delay (ideal)
                         -0.25    9.75   clock uncertainty
                          0.00    9.75   clock reconvergence pessimism
                                  9.75 ^ _163_/CLK (sky130_fd_sc_hd__dfxtp_2)
                         -0.08    9.67   library setup time
                                  9.67   data required time
-----------------------------------------------------------------------------
                                  9.67   data required time
                                 -2.81   data arrival time
-----------------------------------------------------------------------------
                                  6.85   slack (MET)


Startpoint: send (input port clocked by clk)
Endpoint: _158_ (rising edge-triggered flip-flop clocked by clk)
Path Group: clk
Path Type: max

Fanout     Cap    Slew   Delay    Time   Description
-----------------------------------------------------------------------------
                  0.15    0.00    0.00   clock clk (rise edge)
                          0.00    0.00   clock network delay (ideal)
                          2.00    2.00 v input external delay
     6    0.02    0.04    0.03    2.03 v send (in)
                                         send (net)
                  0.04    0.00    2.03 v _082_/B_N (sky130_fd_sc_hd__nor2b_2)
     8    0.02    0.07    0.20    2.23 v _082_/Y (sky130_fd_sc_hd__nor2b_2)
                                         _065_ (net)
                  0.07    0.00    2.23 v _088_/A2 (sky130_fd_sc_hd__a221o_2)
     1    0.00    0.05    0.39    2.62 v _088_/X (sky130_fd_sc_hd__a221o_2)
                                         _070_ (net)
                  0.05    0.00    2.62 v _089_/B (sky130_fd_sc_hd__and2_2)
     1    0.00    0.03    0.19    2.81 v _089_/X (sky130_fd_sc_hd__and2_2)
                                         _001_ (net)
                  0.03    0.00    2.81 v _158_/D (sky130_fd_sc_hd__dfxtp_2)
                                  2.81   data arrival time

                  0.15   10.00   10.00   clock clk (rise edge)
                          0.00   10.00   clock network delay (ideal)
                         -0.25    9.75   clock uncertainty
                          0.00    9.75   clock reconvergence pessimism
                                  9.75 ^ _158_/CLK (sky130_fd_sc_hd__dfxtp_2)
                         -0.08    9.67   library setup time
                                  9.67   data required time
-----------------------------------------------------------------------------
                                  9.67   data required time
                                 -2.81   data arrival time
-----------------------------------------------------------------------------
                                  6.85   slack (MET)


Startpoint: send (input port clocked by clk)
Endpoint: _159_ (rising edge-triggered flip-flop clocked by clk)
Path Group: clk
Path Type: max

Fanout     Cap    Slew   Delay    Time   Description
-----------------------------------------------------------------------------
                  0.15    0.00    0.00   clock clk (rise edge)
                          0.00    0.00   clock network delay (ideal)
                          2.00    2.00 v input external delay
     6    0.02    0.04    0.03    2.03 v send (in)
                                         send (net)
                  0.04    0.00    2.03 v _082_/B_N (sky130_fd_sc_hd__nor2b_2)
     8    0.02    0.07    0.20    2.23 v _082_/Y (sky130_fd_sc_hd__nor2b_2)
                                         _065_ (net)
                  0.07    0.00    2.23 v _091_/A2 (sky130_fd_sc_hd__a221o_2)
     1    0.00    0.05    0.39    2.62 v _091_/X (sky130_fd_sc_hd__a221o_2)
                                         _072_ (net)
                  0.05    0.00    2.62 v _092_/B (sky130_fd_sc_hd__and2_2)
     1    0.00    0.03    0.19    2.81 v _092_/X (sky130_fd_sc_hd__and2_2)
                                         _002_ (net)
                  0.03    0.00    2.81 v _159_/D (sky130_fd_sc_hd__dfxtp_2)
                                  2.81   data arrival time

                  0.15   10.00   10.00   clock clk (rise edge)
                          0.00   10.00   clock network delay (ideal)
                         -0.25    9.75   clock uncertainty
                          0.00    9.75   clock reconvergence pessimism
                                  9.75 ^ _159_/CLK (sky130_fd_sc_hd__dfxtp_2)
                         -0.08    9.67   library setup time
                                  9.67   data required time
-----------------------------------------------------------------------------
                                  9.67   data required time
                                 -2.81   data arrival time
-----------------------------------------------------------------------------
                                  6.86   slack (MET)


Startpoint: send (input port clocked by clk)
Endpoint: _157_ (rising edge-triggered flip-flop clocked by clk)
Path Group: clk
Path Type: max

Fanout     Cap    Slew   Delay    Time   Description
-----------------------------------------------------------------------------
                  0.15    0.00    0.00   clock clk (rise edge)
                          0.00    0.00   clock network delay (ideal)
                          2.00    2.00 v input external delay
     6    0.02    0.04    0.03    2.03 v send (in)
                                         send (net)
                  0.04    0.00    2.03 v _082_/B_N (sky130_fd_sc_hd__nor2b_2)
     8    0.02    0.07    0.20    2.23 v _082_/Y (sky130_fd_sc_hd__nor2b_2)
                                         _065_ (net)
                  0.07    0.00    2.23 v _085_/A2 (sky130_fd_sc_hd__a221o_2)
     1    0.00    0.05    0.39    2.62 v _085_/X (sky130_fd_sc_hd__a221o_2)
                                         _068_ (net)
                  0.05    0.00    2.62 v _086_/B (sky130_fd_sc_hd__and2_2)
     1    0.00    0.03    0.19    2.81 v _086_/X (sky130_fd_sc_hd__and2_2)
                                         _000_ (net)
                  0.03    0.00    2.81 v _157_/D (sky130_fd_sc_hd__dfxtp_2)
                                  2.81   data arrival time

                  0.15   10.00   10.00   clock clk (rise edge)
                          0.00   10.00   clock network delay (ideal)
                         -0.25    9.75   clock uncertainty
                          0.00    9.75   clock reconvergence pessimism
                                  9.75 ^ _157_/CLK (sky130_fd_sc_hd__dfxtp_2)
                         -0.08    9.67   library setup time
                                  9.67   data required time
-----------------------------------------------------------------------------
                                  9.67   data required time
                                 -2.81   data arrival time
-----------------------------------------------------------------------------
                                  6.86   slack (MET)


Startpoint: enable (input port clocked by clk)
Endpoint: _180_ (rising edge-triggered flip-flop clocked by clk)
Path Group: clk
Path Type: max

Fanout     Cap    Slew   Delay    Time   Description
-----------------------------------------------------------------------------
                  0.15    0.00    0.00   clock clk (rise edge)
                          0.00    0.00   clock network delay (ideal)
                          2.00    2.00 ^ input external delay
     7    0.02    0.08    0.05    2.05 ^ enable (in)
                                         enable (net)
                  0.08    0.00    2.05 ^ _108_/B1_N (sky130_fd_sc_hd__a21boi_2)
    10    0.03    0.37    0.37    2.43 ^ _108_/Y (sky130_fd_sc_hd__a21boi_2)
                                         _039_ (net)
                  0.37    0.00    2.43 ^ _139_/B1 (sky130_fd_sc_hd__o211a_2)
     1    0.00    0.04    0.25    2.68 ^ _139_/X (sky130_fd_sc_hd__o211a_2)
                                         _023_ (net)
                  0.04    0.00    2.68 ^ _180_/D (sky130_fd_sc_hd__dfxtp_2)
                                  2.68   data arrival time

                  0.15   10.00   10.00   clock clk (rise edge)
                          0.00   10.00   clock network delay (ideal)
                         -0.25    9.75   clock uncertainty
                          0.00    9.75   clock reconvergence pessimism
                                  9.75 ^ _180_/CLK (sky130_fd_sc_hd__dfxtp_2)
                         -0.04    9.71   library setup time
                                  9.71   data required time
-----------------------------------------------------------------------------
                                  9.71   data required time
                                 -2.68   data arrival time
-----------------------------------------------------------------------------
                                  7.03   slack (MET)


Startpoint: receive (input port clocked by clk)
Endpoint: _179_ (rising edge-triggered flip-flop clocked by clk)
Path Group: clk
Path Type: max

Fanout     Cap    Slew   Delay    Time   Description
-----------------------------------------------------------------------------
                  0.15    0.00    0.00   clock clk (rise edge)
                          0.00    0.00   clock network delay (ideal)
                          2.00    2.00 v input external delay
     3    0.01    0.03    0.02    2.02 v receive (in)
                                         receive (net)
                  0.03    0.00    2.02 v _106_/B (sky130_fd_sc_hd__nor2_2)
    10    0.03    0.32    0.28    2.30 ^ _106_/Y (sky130_fd_sc_hd__nor2_2)
                                         _037_ (net)
                  0.32    0.00    2.30 ^ _135_/B1 (sky130_fd_sc_hd__a22o_2)
     1    0.00    0.04    0.20    2.50 ^ _135_/X (sky130_fd_sc_hd__a22o_2)
                                         _051_ (net)
                  0.04    0.00    2.50 ^ _136_/C1 (sky130_fd_sc_hd__o211a_2)
     1    0.00    0.04    0.15    2.65 ^ _136_/X (sky130_fd_sc_hd__o211a_2)
                                         _022_ (net)
                  0.04    0.00    2.65 ^ _179_/D (sky130_fd_sc_hd__dfxtp_2)
                                  2.65   data arrival time

                  0.15   10.00   10.00   clock clk (rise edge)
                          0.00   10.00   clock network delay (ideal)
                         -0.25    9.75   clock uncertainty
                          0.00    9.75   clock reconvergence pessimism
                                  9.75 ^ _179_/CLK (sky130_fd_sc_hd__dfxtp_2)
                         -0.04    9.71   library setup time
                                  9.71   data required time
-----------------------------------------------------------------------------
                                  9.71   data required time
                                 -2.65   data arrival time
-----------------------------------------------------------------------------
                                  7.05   slack (MET)


Startpoint: send (input port clocked by clk)
Endpoint: _174_ (rising edge-triggered flip-flop clocked by clk)
Path Group: clk
Path Type: max

Fanout     Cap    Slew   Delay    Time   Description
-----------------------------------------------------------------------------
                  0.15    0.00    0.00   clock clk (rise edge)
                          0.00    0.00   clock network delay (ideal)
                          2.00    2.00 v input external delay
     6    0.02    0.04    0.03    2.03 v send (in)
                                         send (net)
                  0.04    0.00    2.03 v _083_/B (sky130_fd_sc_hd__nor2_2)
     9    0.03    0.30    0.26    2.29 ^ _083_/Y (sky130_fd_sc_hd__nor2_2)
                                         _066_ (net)
                  0.30    0.00    2.29 ^ _122_/A2 (sky130_fd_sc_hd__a22o_2)
     1    0.00    0.04    0.21    2.50 ^ _122_/X (sky130_fd_sc_hd__a22o_2)
                                         _043_ (net)
                  0.04    0.00    2.50 ^ _123_/C1 (sky130_fd_sc_hd__o211a_2)
     1    0.00    0.04    0.15    2.65 ^ _123_/X (sky130_fd_sc_hd__o211a_2)
                                         _017_ (net)
                  0.04    0.00    2.65 ^ _174_/D (sky130_fd_sc_hd__dfxtp_2)
                                  2.65   data arrival time

                  0.15   10.00   10.00   clock clk (rise edge)
                          0.00   10.00   clock network delay (ideal)
                         -0.25    9.75   clock uncertainty
                          0.00    9.75   clock reconvergence pessimism
                                  9.75 ^ _174_/CLK (sky130_fd_sc_hd__dfxtp_2)
                         -0.04    9.71   library setup time
                                  9.71   data required time
-----------------------------------------------------------------------------
                                  9.71   data required time
                                 -2.65   data arrival time
-----------------------------------------------------------------------------
                                  7.06   slack (MET)


Startpoint: enable (input port clocked by clk)
Endpoint: _165_ (rising edge-triggered flip-flop clocked by clk)
Path Group: clk
Path Type: max

Fanout     Cap    Slew   Delay    Time   Description
-----------------------------------------------------------------------------
                  0.15    0.00    0.00   clock clk (rise edge)
                          0.00    0.00   clock network delay (ideal)
                          2.00    2.00 ^ input external delay
     7    0.02    0.08    0.05    2.05 ^ enable (in)
                                         enable (net)
                  0.08    0.00    2.05 ^ _108_/B1_N (sky130_fd_sc_hd__a21boi_2)
    10    0.03    0.37    0.37    2.43 ^ _108_/Y (sky130_fd_sc_hd__a21boi_2)
                                         _039_ (net)
                  0.37    0.00    2.43 ^ _111_/A2 (sky130_fd_sc_hd__a22o_2)
     1    0.00    0.03    0.22    2.64 ^ _111_/X (sky130_fd_sc_hd__a22o_2)
                                         _008_ (net)
                  0.03    0.00    2.64 ^ _165_/D (sky130_fd_sc_hd__dfxtp_2)
                                  2.64   data arrival time

                  0.15   10.00   10.00   clock clk (rise edge)
                          0.00   10.00   clock network delay (ideal)
                         -0.25    9.75   clock uncertainty
                          0.00    9.75   clock reconvergence pessimism
                                  9.75 ^ _165_/CLK (sky130_fd_sc_hd__dfxtp_2)
                         -0.04    9.71   library setup time
                                  9.71   data required time
-----------------------------------------------------------------------------
                                  9.71   data required time
                                 -2.64   data arrival time
-----------------------------------------------------------------------------
                                  7.07   slack (MET)


Startpoint: enable (input port clocked by clk)
Endpoint: _168_ (rising edge-triggered flip-flop clocked by clk)
Path Group: clk
Path Type: max

Fanout     Cap    Slew   Delay    Time   Description
-----------------------------------------------------------------------------
                  0.15    0.00    0.00   clock clk (rise edge)
                          0.00    0.00   clock network delay (ideal)
                          2.00    2.00 ^ input external delay
     7    0.02    0.08    0.05    2.05 ^ enable (in)
                                         enable (net)
                  0.08    0.00    2.05 ^ _108_/B1_N (sky130_fd_sc_hd__a21boi_2)
    10    0.03    0.37    0.37    2.43 ^ _108_/Y (sky130_fd_sc_hd__a21boi_2)
                                         _039_ (net)
                  0.37    0.00    2.43 ^ _114_/A2 (sky130_fd_sc_hd__a22o_2)
     1    0.00    0.03    0.22    2.64 ^ _114_/X (sky130_fd_sc_hd__a22o_2)
                                         _011_ (net)
                  0.03    0.00    2.64 ^ _168_/D (sky130_fd_sc_hd__dfxtp_2)
                                  2.64   data arrival time

                  0.15   10.00   10.00   clock clk (rise edge)
                          0.00   10.00   clock network delay (ideal)
                         -0.25    9.75   clock uncertainty
                          0.00    9.75   clock reconvergence pessimism
                                  9.75 ^ _168_/CLK (sky130_fd_sc_hd__dfxtp_2)
                         -0.04    9.71   library setup time
                                  9.71   data required time
-----------------------------------------------------------------------------
                                  9.71   data required time
                                 -2.64   data arrival time
-----------------------------------------------------------------------------
                                  7.07   slack (MET)


Startpoint: enable (input port clocked by clk)
Endpoint: _166_ (rising edge-triggered flip-flop clocked by clk)
Path Group: clk
Path Type: max

Fanout     Cap    Slew   Delay    Time   Description
-----------------------------------------------------------------------------
                  0.15    0.00    0.00   clock clk (rise edge)
                          0.00    0.00   clock network delay (ideal)
                          2.00    2.00 ^ input external delay
     7    0.02    0.08    0.05    2.05 ^ enable (in)
                                         enable (net)
                  0.08    0.00    2.05 ^ _108_/B1_N (sky130_fd_sc_hd__a21boi_2)
    10    0.03    0.37    0.37    2.43 ^ _108_/Y (sky130_fd_sc_hd__a21boi_2)
                                         _039_ (net)
                  0.37    0.00    2.43 ^ _112_/A2 (sky130_fd_sc_hd__a22o_2)
     1    0.00    0.03    0.22    2.64 ^ _112_/X (sky130_fd_sc_hd__a22o_2)
                                         _009_ (net)
                  0.03    0.00    2.64 ^ _166_/D (sky130_fd_sc_hd__dfxtp_2)
                                  2.64   data arrival time

                  0.15   10.00   10.00   clock clk (rise edge)
                          0.00   10.00   clock network delay (ideal)
                         -0.25    9.75   clock uncertainty
                          0.00    9.75   clock reconvergence pessimism
                                  9.75 ^ _166_/CLK (sky130_fd_sc_hd__dfxtp_2)
                         -0.04    9.71   library setup time
                                  9.71   data required time
-----------------------------------------------------------------------------
                                  9.71   data required time
                                 -2.64   data arrival time
-----------------------------------------------------------------------------
                                  7.07   slack (MET)


Startpoint: enable (input port clocked by clk)
Endpoint: _169_ (rising edge-triggered flip-flop clocked by clk)
Path Group: clk
Path Type: max

Fanout     Cap    Slew   Delay    Time   Description
-----------------------------------------------------------------------------
                  0.15    0.00    0.00   clock clk (rise edge)
                          0.00    0.00   clock network delay (ideal)
                          2.00    2.00 ^ input external delay
     7    0.02    0.08    0.05    2.05 ^ enable (in)
                                         enable (net)
                  0.08    0.00    2.05 ^ _108_/B1_N (sky130_fd_sc_hd__a21boi_2)
    10    0.03    0.37    0.37    2.43 ^ _108_/Y (sky130_fd_sc_hd__a21boi_2)
                                         _039_ (net)
                  0.37    0.00    2.43 ^ _115_/A2 (sky130_fd_sc_hd__a22o_2)
     1    0.00    0.03    0.22    2.64 ^ _115_/X (sky130_fd_sc_hd__a22o_2)
                                         _012_ (net)
                  0.03    0.00    2.64 ^ _169_/D (sky130_fd_sc_hd__dfxtp_2)
                                  2.64   data arrival time

                  0.15   10.00   10.00   clock clk (rise edge)
                          0.00   10.00   clock network delay (ideal)
                         -0.25    9.75   clock uncertainty
                          0.00    9.75   clock reconvergence pessimism
                                  9.75 ^ _169_/CLK (sky130_fd_sc_hd__dfxtp_2)
                         -0.04    9.71   library setup time
                                  9.71   data required time
-----------------------------------------------------------------------------
                                  9.71   data required time
                                 -2.64   data arrival time
-----------------------------------------------------------------------------
                                  7.07   slack (MET)


Startpoint: enable (input port clocked by clk)
Endpoint: _170_ (rising edge-triggered flip-flop clocked by clk)
Path Group: clk
Path Type: max

Fanout     Cap    Slew   Delay    Time   Description
-----------------------------------------------------------------------------
                  0.15    0.00    0.00   clock clk (rise edge)
                          0.00    0.00   clock network delay (ideal)
                          2.00    2.00 ^ input external delay
     7    0.02    0.08    0.05    2.05 ^ enable (in)
                                         enable (net)
                  0.08    0.00    2.05 ^ _108_/B1_N (sky130_fd_sc_hd__a21boi_2)
    10    0.03    0.37    0.37    2.43 ^ _108_/Y (sky130_fd_sc_hd__a21boi_2)
                                         _039_ (net)
                  0.37    0.00    2.43 ^ _116_/A2 (sky130_fd_sc_hd__a22o_2)
     1    0.00    0.03    0.21    2.64 ^ _116_/X (sky130_fd_sc_hd__a22o_2)
                                         _013_ (net)
                  0.03    0.00    2.64 ^ _170_/D (sky130_fd_sc_hd__dfxtp_2)
                                  2.64   data arrival time

                  0.15   10.00   10.00   clock clk (rise edge)
                          0.00   10.00   clock network delay (ideal)
                         -0.25    9.75   clock uncertainty
                          0.00    9.75   clock reconvergence pessimism
                                  9.75 ^ _170_/CLK (sky130_fd_sc_hd__dfxtp_2)
                         -0.04    9.71   library setup time
                                  9.71   data required time
-----------------------------------------------------------------------------
                                  9.71   data required time
                                 -2.64   data arrival time
-----------------------------------------------------------------------------
                                  7.07   slack (MET)


Startpoint: enable (input port clocked by clk)
Endpoint: _171_ (rising edge-triggered flip-flop clocked by clk)
Path Group: clk
Path Type: max

Fanout     Cap    Slew   Delay    Time   Description
-----------------------------------------------------------------------------
                  0.15    0.00    0.00   clock clk (rise edge)
                          0.00    0.00   clock network delay (ideal)
                          2.00    2.00 ^ input external delay
     7    0.02    0.08    0.05    2.05 ^ enable (in)
                                         enable (net)
                  0.08    0.00    2.05 ^ _108_/B1_N (sky130_fd_sc_hd__a21boi_2)
    10    0.03    0.37    0.37    2.43 ^ _108_/Y (sky130_fd_sc_hd__a21boi_2)
                                         _039_ (net)
                  0.37    0.00    2.43 ^ _117_/A2 (sky130_fd_sc_hd__a22o_2)
     1    0.00    0.03    0.21    2.64 ^ _117_/X (sky130_fd_sc_hd__a22o_2)
                                         _014_ (net)
                  0.03    0.00    2.64 ^ _171_/D (sky130_fd_sc_hd__dfxtp_2)
                                  2.64   data arrival time

                  0.15   10.00   10.00   clock clk (rise edge)
                          0.00   10.00   clock network delay (ideal)
                         -0.25    9.75   clock uncertainty
                          0.00    9.75   clock reconvergence pessimism
                                  9.75 ^ _171_/CLK (sky130_fd_sc_hd__dfxtp_2)
                         -0.04    9.71   library setup time
                                  9.71   data required time
-----------------------------------------------------------------------------
                                  9.71   data required time
                                 -2.64   data arrival time
-----------------------------------------------------------------------------
                                  7.07   slack (MET)


Startpoint: enable (input port clocked by clk)
Endpoint: _167_ (rising edge-triggered flip-flop clocked by clk)
Path Group: clk
Path Type: max

Fanout     Cap    Slew   Delay    Time   Description
-----------------------------------------------------------------------------
                  0.15    0.00    0.00   clock clk (rise edge)
                          0.00    0.00   clock network delay (ideal)
                          2.00    2.00 ^ input external delay
     7    0.02    0.08    0.05    2.05 ^ enable (in)
                                         enable (net)
                  0.08    0.00    2.05 ^ _108_/B1_N (sky130_fd_sc_hd__a21boi_2)
    10    0.03    0.37    0.37    2.43 ^ _108_/Y (sky130_fd_sc_hd__a21boi_2)
                                         _039_ (net)
                  0.37    0.00    2.43 ^ _113_/A2 (sky130_fd_sc_hd__a22o_2)
     1    0.00    0.03    0.21    2.64 ^ _113_/X (sky130_fd_sc_hd__a22o_2)
                                         _010_ (net)
                  0.03    0.00    2.64 ^ _167_/D (sky130_fd_sc_hd__dfxtp_2)
                                  2.64   data arrival time

                  0.15   10.00   10.00   clock clk (rise edge)
                          0.00   10.00   clock network delay (ideal)
                         -0.25    9.75   clock uncertainty
                          0.00    9.75   clock reconvergence pessimism
                                  9.75 ^ _167_/CLK (sky130_fd_sc_hd__dfxtp_2)
                         -0.04    9.71   library setup time
                                  9.71   data required time
-----------------------------------------------------------------------------
                                  9.71   data required time
                                 -2.64   data arrival time
-----------------------------------------------------------------------------
                                  7.07   slack (MET)


Startpoint: enable (input port clocked by clk)
Endpoint: _172_ (rising edge-triggered flip-flop clocked by clk)
Path Group: clk
Path Type: max

Fanout     Cap    Slew   Delay    Time   Description
-----------------------------------------------------------------------------
                  0.15    0.00    0.00   clock clk (rise edge)
                          0.00    0.00   clock network delay (ideal)
                          2.00    2.00 ^ input external delay
     7    0.02    0.08    0.05    2.05 ^ enable (in)
                                         enable (net)
                  0.08    0.00    2.05 ^ _108_/B1_N (sky130_fd_sc_hd__a21boi_2)
    10    0.03    0.37    0.37    2.43 ^ _108_/Y (sky130_fd_sc_hd__a21boi_2)
                                         _039_ (net)
                  0.37    0.00    2.43 ^ _118_/A2 (sky130_fd_sc_hd__a22o_2)
     1    0.00    0.03    0.21    2.64 ^ _118_/X (sky130_fd_sc_hd__a22o_2)
                                         _015_ (net)
                  0.03    0.00    2.64 ^ _172_/D (sky130_fd_sc_hd__dfxtp_2)
                                  2.64   data arrival time

                  0.15   10.00   10.00   clock clk (rise edge)
                          0.00   10.00   clock network delay (ideal)
                         -0.25    9.75   clock uncertainty
                          0.00    9.75   clock reconvergence pessimism
                                  9.75 ^ _172_/CLK (sky130_fd_sc_hd__dfxtp_2)
                         -0.04    9.71   library setup time
                                  9.71   data required time
-----------------------------------------------------------------------------
                                  9.71   data required time
                                 -2.64   data arrival time
-----------------------------------------------------------------------------
                                  7.07   slack (MET)


Startpoint: enable (input port clocked by clk)
Endpoint: _164_ (rising edge-triggered flip-flop clocked by clk)
Path Group: clk
Path Type: max

Fanout     Cap    Slew   Delay    Time   Description
-----------------------------------------------------------------------------
                  0.15    0.00    0.00   clock clk (rise edge)
                          0.00    0.00   clock network delay (ideal)
                          2.00    2.00 ^ input external delay
     7    0.02    0.08    0.05    2.05 ^ enable (in)
                                         enable (net)
                  0.08    0.00    2.05 ^ _108_/B1_N (sky130_fd_sc_hd__a21boi_2)
    10    0.03    0.37    0.37    2.43 ^ _108_/Y (sky130_fd_sc_hd__a21boi_2)
                                         _039_ (net)
                  0.37    0.00    2.43 ^ _109_/B (sky130_fd_sc_hd__and2b_2)
     1    0.00    0.03    0.20    2.63 ^ _109_/X (sky130_fd_sc_hd__and2b_2)
                                         _007_ (net)
                  0.03    0.00    2.63 ^ _164_/D (sky130_fd_sc_hd__dfxtp_2)
                                  2.63   data arrival time

                  0.15   10.00   10.00   clock clk (rise edge)
                          0.00   10.00   clock network delay (ideal)
                         -0.25    9.75   clock uncertainty
                          0.00    9.75   clock reconvergence pessimism
                                  9.75 ^ _164_/CLK (sky130_fd_sc_hd__dfxtp_2)
                         -0.04    9.71   library setup time
                                  9.71   data required time
-----------------------------------------------------------------------------
                                  9.71   data required time
                                 -2.63   data arrival time
-----------------------------------------------------------------------------
                                  7.08   slack (MET)


Startpoint: receive (input port clocked by clk)
Endpoint: _184_ (rising edge-triggered flip-flop clocked by clk)
Path Group: clk
Path Type: max

Fanout     Cap    Slew   Delay    Time   Description
-----------------------------------------------------------------------------
                  0.15    0.00    0.00   clock clk (rise edge)
                          0.00    0.00   clock network delay (ideal)
                          2.00    2.00 v input external delay
     3    0.01    0.03    0.02    2.02 v receive (in)
                                         receive (net)
                  0.03    0.00    2.02 v _106_/B (sky130_fd_sc_hd__nor2_2)
    10    0.03    0.32    0.28    2.30 ^ _106_/Y (sky130_fd_sc_hd__nor2_2)
                                         _037_ (net)
                  0.32    0.00    2.30 ^ _146_/B1 (sky130_fd_sc_hd__a22o_2)
     1    0.00    0.04    0.20    2.50 ^ _146_/X (sky130_fd_sc_hd__a22o_2)
                                         _057_ (net)
                  0.04    0.00    2.50 ^ _147_/B (sky130_fd_sc_hd__and2_2)
     1    0.00    0.04    0.13    2.63 ^ _147_/X (sky130_fd_sc_hd__and2_2)
                                         _027_ (net)
                  0.04    0.00    2.63 ^ _184_/D (sky130_fd_sc_hd__dfxtp_2)
                                  2.63   data arrival time

                  0.15   10.00   10.00   clock clk (rise edge)
                          0.00   10.00   clock network delay (ideal)
                         -0.25    9.75   clock uncertainty
                          0.00    9.75   clock reconvergence pessimism
                                  9.75 ^ _184_/CLK (sky130_fd_sc_hd__dfxtp_2)
                         -0.04    9.71   library setup time
                                  9.71   data required time
-----------------------------------------------------------------------------
                                  9.71   data required time
                                 -2.63   data arrival time
-----------------------------------------------------------------------------
                                  7.08   slack (MET)


Startpoint: receive (input port clocked by clk)
Endpoint: _181_ (rising edge-triggered flip-flop clocked by clk)
Path Group: clk
Path Type: max

Fanout     Cap    Slew   Delay    Time   Description
-----------------------------------------------------------------------------
                  0.15    0.00    0.00   clock clk (rise edge)
                          0.00    0.00   clock network delay (ideal)
                          2.00    2.00 v input external delay
     3    0.01    0.03    0.02    2.02 v receive (in)
                                         receive (net)
                  0.03    0.00    2.02 v _106_/B (sky130_fd_sc_hd__nor2_2)
    10    0.03    0.32    0.28    2.30 ^ _106_/Y (sky130_fd_sc_hd__nor2_2)
                                         _037_ (net)
                  0.32    0.00    2.30 ^ _140_/B1 (sky130_fd_sc_hd__a22o_2)
     1    0.00    0.04    0.20    2.50 ^ _140_/X (sky130_fd_sc_hd__a22o_2)
                                         _054_ (net)
                  0.04    0.00    2.50 ^ _141_/B (sky130_fd_sc_hd__and2_2)
     1    0.00    0.04    0.13    2.62 ^ _141_/X (sky130_fd_sc_hd__and2_2)
                                         _024_ (net)
                  0.04    0.00    2.62 ^ _181_/D (sky130_fd_sc_hd__dfxtp_2)
                                  2.62   data arrival time

                  0.15   10.00   10.00   clock clk (rise edge)
                          0.00   10.00   clock network delay (ideal)
                         -0.25    9.75   clock uncertainty
                          0.00    9.75   clock reconvergence pessimism
                                  9.75 ^ _181_/CLK (sky130_fd_sc_hd__dfxtp_2)
                         -0.04    9.71   library setup time
                                  9.71   data required time
-----------------------------------------------------------------------------
                                  9.71   data required time
                                 -2.62   data arrival time
-----------------------------------------------------------------------------
                                  7.08   slack (MET)


Startpoint: receive (input port clocked by clk)
Endpoint: _182_ (rising edge-triggered flip-flop clocked by clk)
Path Group: clk
Path Type: max

Fanout     Cap    Slew   Delay    Time   Description
-----------------------------------------------------------------------------
                  0.15    0.00    0.00   clock clk (rise edge)
                          0.00    0.00   clock network delay (ideal)
                          2.00    2.00 v input external delay
     3    0.01    0.03    0.02    2.02 v receive (in)
                                         receive (net)
                  0.03    0.00    2.02 v _106_/B (sky130_fd_sc_hd__nor2_2)
    10    0.03    0.32    0.28    2.30 ^ _106_/Y (sky130_fd_sc_hd__nor2_2)
                                         _037_ (net)
                  0.32    0.00    2.30 ^ _142_/B1 (sky130_fd_sc_hd__a22o_2)
     1    0.00    0.04    0.20    2.50 ^ _142_/X (sky130_fd_sc_hd__a22o_2)
                                         _055_ (net)
                  0.04    0.00    2.50 ^ _143_/B (sky130_fd_sc_hd__and2_2)
     1    0.00    0.04    0.13    2.62 ^ _143_/X (sky130_fd_sc_hd__and2_2)
                                         _025_ (net)
                  0.04    0.00    2.62 ^ _182_/D (sky130_fd_sc_hd__dfxtp_2)
                                  2.62   data arrival time

                  0.15   10.00   10.00   clock clk (rise edge)
                          0.00   10.00   clock network delay (ideal)
                         -0.25    9.75   clock uncertainty
                          0.00    9.75   clock reconvergence pessimism
                                  9.75 ^ _182_/CLK (sky130_fd_sc_hd__dfxtp_2)
                         -0.04    9.71   library setup time
                                  9.71   data required time
-----------------------------------------------------------------------------
                                  9.71   data required time
                                 -2.62   data arrival time
-----------------------------------------------------------------------------
                                  7.08   slack (MET)


Startpoint: receive (input port clocked by clk)
Endpoint: _185_ (rising edge-triggered flip-flop clocked by clk)
Path Group: clk
Path Type: max

Fanout     Cap    Slew   Delay    Time   Description
-----------------------------------------------------------------------------
                  0.15    0.00    0.00   clock clk (rise edge)
                          0.00    0.00   clock network delay (ideal)
                          2.00    2.00 v input external delay
     3    0.01    0.03    0.02    2.02 v receive (in)
                                         receive (net)
                  0.03    0.00    2.02 v _106_/B (sky130_fd_sc_hd__nor2_2)
    10    0.03    0.32    0.28    2.30 ^ _106_/Y (sky130_fd_sc_hd__nor2_2)
                                         _037_ (net)
                  0.32    0.00    2.30 ^ _148_/B1 (sky130_fd_sc_hd__a22o_2)
     1    0.00    0.04    0.20    2.50 ^ _148_/X (sky130_fd_sc_hd__a22o_2)
                                         _058_ (net)
                  0.04    0.00    2.50 ^ _149_/B (sky130_fd_sc_hd__and2_2)
     1    0.00    0.04    0.13    2.62 ^ _149_/X (sky130_fd_sc_hd__and2_2)
                                         _028_ (net)
                  0.04    0.00    2.62 ^ _185_/D (sky130_fd_sc_hd__dfxtp_2)
                                  2.62   data arrival time

                  0.15   10.00   10.00   clock clk (rise edge)
                          0.00   10.00   clock network delay (ideal)
                         -0.25    9.75   clock uncertainty
                          0.00    9.75   clock reconvergence pessimism
                                  9.75 ^ _185_/CLK (sky130_fd_sc_hd__dfxtp_2)
                         -0.04    9.71   library setup time
                                  9.71   data required time
-----------------------------------------------------------------------------
                                  9.71   data required time
                                 -2.62   data arrival time
-----------------------------------------------------------------------------
                                  7.09   slack (MET)


Startpoint: receive (input port clocked by clk)
Endpoint: _183_ (rising edge-triggered flip-flop clocked by clk)
Path Group: clk
Path Type: max

Fanout     Cap    Slew   Delay    Time   Description
-----------------------------------------------------------------------------
                  0.15    0.00    0.00   clock clk (rise edge)
                          0.00    0.00   clock network delay (ideal)
                          2.00    2.00 v input external delay
     3    0.01    0.03    0.02    2.02 v receive (in)
                                         receive (net)
                  0.03    0.00    2.02 v _106_/B (sky130_fd_sc_hd__nor2_2)
    10    0.03    0.32    0.28    2.30 ^ _106_/Y (sky130_fd_sc_hd__nor2_2)
                                         _037_ (net)
                  0.32    0.00    2.30 ^ _144_/B1 (sky130_fd_sc_hd__a22o_2)
     1    0.00    0.04    0.20    2.50 ^ _144_/X (sky130_fd_sc_hd__a22o_2)
                                         _056_ (net)
                  0.04    0.00    2.50 ^ _145_/B (sky130_fd_sc_hd__and2_2)
     1    0.00    0.04    0.13    2.62 ^ _145_/X (sky130_fd_sc_hd__and2_2)
                                         _026_ (net)
                  0.04    0.00    2.62 ^ _183_/D (sky130_fd_sc_hd__dfxtp_2)
                                  2.62   data arrival time

                  0.15   10.00   10.00   clock clk (rise edge)
                          0.00   10.00   clock network delay (ideal)
                         -0.25    9.75   clock uncertainty
                          0.00    9.75   clock reconvergence pessimism
                                  9.75 ^ _183_/CLK (sky130_fd_sc_hd__dfxtp_2)
                         -0.04    9.71   library setup time
                                  9.71   data required time
-----------------------------------------------------------------------------
                                  9.71   data required time
                                 -2.62   data arrival time
-----------------------------------------------------------------------------
                                  7.09   slack (MET)


Startpoint: receive (input port clocked by clk)
Endpoint: _186_ (rising edge-triggered flip-flop clocked by clk)
Path Group: clk
Path Type: max

Fanout     Cap    Slew   Delay    Time   Description
-----------------------------------------------------------------------------
                  0.15    0.00    0.00   clock clk (rise edge)
                          0.00    0.00   clock network delay (ideal)
                          2.00    2.00 v input external delay
     3    0.01    0.03    0.02    2.02 v receive (in)
                                         receive (net)
                  0.03    0.00    2.02 v _106_/B (sky130_fd_sc_hd__nor2_2)
    10    0.03    0.32    0.28    2.30 ^ _106_/Y (sky130_fd_sc_hd__nor2_2)
                                         _037_ (net)
                  0.32    0.00    2.30 ^ _150_/B1 (sky130_fd_sc_hd__a22o_2)
     1    0.00    0.04    0.20    2.50 ^ _150_/X (sky130_fd_sc_hd__a22o_2)
                                         _059_ (net)
                  0.04    0.00    2.50 ^ _151_/B (sky130_fd_sc_hd__and2_2)
     1    0.00    0.04    0.13    2.62 ^ _151_/X (sky130_fd_sc_hd__and2_2)
                                         _029_ (net)
                  0.04    0.00    2.62 ^ _186_/D (sky130_fd_sc_hd__dfxtp_2)
                                  2.62   data arrival time

                  0.15   10.00   10.00   clock clk (rise edge)
                          0.00   10.00   clock network delay (ideal)
                         -0.25    9.75   clock uncertainty
                          0.00    9.75   clock reconvergence pessimism
                                  9.75 ^ _186_/CLK (sky130_fd_sc_hd__dfxtp_2)
                         -0.04    9.71   library setup time
                                  9.71   data required time
-----------------------------------------------------------------------------
                                  9.71   data required time
                                 -2.62   data arrival time
-----------------------------------------------------------------------------
                                  7.09   slack (MET)


Startpoint: receive (input port clocked by clk)
Endpoint: _187_ (rising edge-triggered flip-flop clocked by clk)
Path Group: clk
Path Type: max

Fanout     Cap    Slew   Delay    Time   Description
-----------------------------------------------------------------------------
                  0.15    0.00    0.00   clock clk (rise edge)
                          0.00    0.00   clock network delay (ideal)
                          2.00    2.00 v input external delay
     3    0.01    0.03    0.02    2.02 v receive (in)
                                         receive (net)
                  0.03    0.00    2.02 v _106_/B (sky130_fd_sc_hd__nor2_2)
    10    0.03    0.32    0.28    2.30 ^ _106_/Y (sky130_fd_sc_hd__nor2_2)
                                         _037_ (net)
                  0.32    0.00    2.30 ^ _152_/B1 (sky130_fd_sc_hd__a22o_2)
     1    0.00    0.04    0.19    2.50 ^ _152_/X (sky130_fd_sc_hd__a22o_2)
                                         _060_ (net)
                  0.04    0.00    2.50 ^ _153_/B (sky130_fd_sc_hd__and2_2)
     1    0.00    0.03    0.13    2.62 ^ _153_/X (sky130_fd_sc_hd__and2_2)
                                         _030_ (net)
                  0.03    0.00    2.62 ^ _187_/D (sky130_fd_sc_hd__dfxtp_2)
                                  2.62   data arrival time

                  0.15   10.00   10.00   clock clk (rise edge)
                          0.00   10.00   clock network delay (ideal)
                         -0.25    9.75   clock uncertainty
                          0.00    9.75   clock reconvergence pessimism
                                  9.75 ^ _187_/CLK (sky130_fd_sc_hd__dfxtp_2)
                         -0.04    9.71   library setup time
                                  9.71   data required time
-----------------------------------------------------------------------------
                                  9.71   data required time
                                 -2.62   data arrival time
-----------------------------------------------------------------------------
                                  7.09   slack (MET)


Startpoint: receive (input port clocked by clk)
Endpoint: _188_ (rising edge-triggered flip-flop clocked by clk)
Path Group: clk
Path Type: max

Fanout     Cap    Slew   Delay    Time   Description
-----------------------------------------------------------------------------
                  0.15    0.00    0.00   clock clk (rise edge)
                          0.00    0.00   clock network delay (ideal)
                          2.00    2.00 v input external delay
     3    0.01    0.03    0.02    2.02 v receive (in)
                                         receive (net)
                  0.03    0.00    2.02 v _106_/B (sky130_fd_sc_hd__nor2_2)
    10    0.03    0.32    0.28    2.30 ^ _106_/Y (sky130_fd_sc_hd__nor2_2)
                                         _037_ (net)
                  0.32    0.00    2.30 ^ _154_/B1 (sky130_fd_sc_hd__a22o_2)
     1    0.00    0.04    0.19    2.50 ^ _154_/X (sky130_fd_sc_hd__a22o_2)
                                         _061_ (net)
                  0.04    0.00    2.50 ^ _155_/B (sky130_fd_sc_hd__and2_2)
     1    0.00    0.03    0.13    2.62 ^ _155_/X (sky130_fd_sc_hd__and2_2)
                                         _031_ (net)
                  0.03    0.00    2.62 ^ _188_/D (sky130_fd_sc_hd__dfxtp_2)
                                  2.62   data arrival time

                  0.15   10.00   10.00   clock clk (rise edge)
                          0.00   10.00   clock network delay (ideal)
                         -0.25    9.75   clock uncertainty
                          0.00    9.75   clock reconvergence pessimism
                                  9.75 ^ _188_/CLK (sky130_fd_sc_hd__dfxtp_2)
                         -0.04    9.71   library setup time
                                  9.71   data required time
-----------------------------------------------------------------------------
                                  9.71   data required time
                                 -2.62   data arrival time
-----------------------------------------------------------------------------
                                  7.09   slack (MET)


Startpoint: enable (input port clocked by clk)
Endpoint: _176_ (rising edge-triggered flip-flop clocked by clk)
Path Group: clk
Path Type: max

Fanout     Cap    Slew   Delay    Time   Description
-----------------------------------------------------------------------------
                  0.15    0.00    0.00   clock clk (rise edge)
                          0.00    0.00   clock network delay (ideal)
                          2.00    2.00 ^ input external delay
     7    0.02    0.08    0.05    2.05 ^ enable (in)
                                         enable (net)
                  0.08    0.00    2.05 ^ _081_/A (sky130_fd_sc_hd__buf_1)
    10    0.03    0.30    0.29    2.34 ^ _081_/X (sky130_fd_sc_hd__buf_1)
                                         _064_ (net)
                  0.30    0.00    2.34 ^ _130_/D1 (sky130_fd_sc_hd__o2111a_2)
     1    0.00    0.04    0.25    2.59 ^ _130_/X (sky130_fd_sc_hd__o2111a_2)
                                         _019_ (net)
                  0.04    0.00    2.59 ^ _176_/D (sky130_fd_sc_hd__dfxtp_2)
                                  2.59   data arrival time

                  0.15   10.00   10.00   clock clk (rise edge)
                          0.00   10.00   clock network delay (ideal)
                         -0.25    9.75   clock uncertainty
                          0.00    9.75   clock reconvergence pessimism
                                  9.75 ^ _176_/CLK (sky130_fd_sc_hd__dfxtp_2)
                         -0.04    9.71   library setup time
                                  9.71   data required time
-----------------------------------------------------------------------------
                                  9.71   data required time
                                 -2.59   data arrival time
-----------------------------------------------------------------------------
                                  7.12   slack (MET)


Startpoint: enable (input port clocked by clk)
Endpoint: _175_ (rising edge-triggered flip-flop clocked by clk)
Path Group: clk
Path Type: max

Fanout     Cap    Slew   Delay    Time   Description
-----------------------------------------------------------------------------
                  0.15    0.00    0.00   clock clk (rise edge)
                          0.00    0.00   clock network delay (ideal)
                          2.00    2.00 ^ input external delay
     7    0.02    0.08    0.05    2.05 ^ enable (in)
                                         enable (net)
                  0.08    0.00    2.05 ^ _081_/A (sky130_fd_sc_hd__buf_1)
    10    0.03    0.30    0.29    2.34 ^ _081_/X (sky130_fd_sc_hd__buf_1)
                                         _064_ (net)
                  0.30    0.00    2.34 ^ _127_/C1 (sky130_fd_sc_hd__o221a_2)
     1    0.00    0.04    0.24    2.58 ^ _127_/X (sky130_fd_sc_hd__o221a_2)
                                         _018_ (net)
                  0.04    0.00    2.58 ^ _175_/D (sky130_fd_sc_hd__dfxtp_2)
                                  2.58   data arrival time

                  0.15   10.00   10.00   clock clk (rise edge)
                          0.00   10.00   clock network delay (ideal)
                         -0.25    9.75   clock uncertainty
                          0.00    9.75   clock reconvergence pessimism
                                  9.75 ^ _175_/CLK (sky130_fd_sc_hd__dfxtp_2)
                         -0.04    9.71   library setup time
                                  9.71   data required time
-----------------------------------------------------------------------------
                                  9.71   data required time
                                 -2.58   data arrival time
-----------------------------------------------------------------------------
                                  7.12   slack (MET)


Startpoint: enable (input port clocked by clk)
Endpoint: _178_ (rising edge-triggered flip-flop clocked by clk)
Path Group: clk
Path Type: max

Fanout     Cap    Slew   Delay    Time   Description
-----------------------------------------------------------------------------
                  0.15    0.00    0.00   clock clk (rise edge)
                          0.00    0.00   clock network delay (ideal)
                          2.00    2.00 ^ input external delay
     7    0.02    0.08    0.05    2.05 ^ enable (in)
                                         enable (net)
                  0.08    0.00    2.05 ^ _081_/A (sky130_fd_sc_hd__buf_1)
    10    0.03    0.30    0.29    2.34 ^ _081_/X (sky130_fd_sc_hd__buf_1)
                                         _064_ (net)
                  0.30    0.00    2.34 ^ _133_/B1 (sky130_fd_sc_hd__o211a_2)
     1    0.00    0.04    0.24    2.58 ^ _133_/X (sky130_fd_sc_hd__o211a_2)
                                         _021_ (net)
                  0.04    0.00    2.58 ^ _178_/D (sky130_fd_sc_hd__dfxtp_2)
                                  2.58   data arrival time

                  0.15   10.00   10.00   clock clk (rise edge)
                          0.00   10.00   clock network delay (ideal)
                         -0.25    9.75   clock uncertainty
                          0.00    9.75   clock reconvergence pessimism
                                  9.75 ^ _178_/CLK (sky130_fd_sc_hd__dfxtp_2)
                         -0.04    9.71   library setup time
                                  9.71   data required time
-----------------------------------------------------------------------------
                                  9.71   data required time
                                 -2.58   data arrival time
-----------------------------------------------------------------------------
                                  7.13   slack (MET)


Startpoint: enable (input port clocked by clk)
Endpoint: _173_ (rising edge-triggered flip-flop clocked by clk)
Path Group: clk
Path Type: max

Fanout     Cap    Slew   Delay    Time   Description
-----------------------------------------------------------------------------
                  0.15    0.00    0.00   clock clk (rise edge)
                          0.00    0.00   clock network delay (ideal)
                          2.00    2.00 ^ input external delay
     7    0.02    0.08    0.05    2.05 ^ enable (in)
                                         enable (net)
                  0.08    0.00    2.05 ^ _081_/A (sky130_fd_sc_hd__buf_1)
    10    0.03    0.30    0.29    2.34 ^ _081_/X (sky130_fd_sc_hd__buf_1)
                                         _064_ (net)
                  0.30    0.00    2.34 ^ _120_/B1 (sky130_fd_sc_hd__o211a_2)
     1    0.00    0.04    0.24    2.58 ^ _120_/X (sky130_fd_sc_hd__o211a_2)
                                         _016_ (net)
                  0.04    0.00    2.58 ^ _173_/D (sky130_fd_sc_hd__dfxtp_2)
                                  2.58   data arrival time

                  0.15   10.00   10.00   clock clk (rise edge)
                          0.00   10.00   clock network delay (ideal)
                         -0.25    9.75   clock uncertainty
                          0.00    9.75   clock reconvergence pessimism
                                  9.75 ^ _173_/CLK (sky130_fd_sc_hd__dfxtp_2)
                         -0.04    9.71   library setup time
                                  9.71   data required time
-----------------------------------------------------------------------------
                                  9.71   data required time
                                 -2.58   data arrival time
-----------------------------------------------------------------------------
                                  7.13   slack (MET)


Startpoint: send (input port clocked by clk)
Endpoint: _189_ (rising edge-triggered flip-flop clocked by clk)
Path Group: clk
Path Type: max

Fanout     Cap    Slew   Delay    Time   Description
-----------------------------------------------------------------------------
                  0.15    0.00    0.00   clock clk (rise edge)
                          0.00    0.00   clock network delay (ideal)
                          2.00    2.00 ^ input external delay
     6    0.02    0.09    0.07    2.07 ^ send (in)
                                         send (net)
                  0.09    0.00    2.07 ^ _082_/B_N (sky130_fd_sc_hd__nor2b_2)
     8    0.02    0.27    0.31    2.38 ^ _082_/Y (sky130_fd_sc_hd__nor2b_2)
                                         _065_ (net)
                  0.27    0.00    2.38 ^ _156_/A1 (sky130_fd_sc_hd__o21a_2)
     1    0.00    0.03    0.18    2.56 ^ _156_/X (sky130_fd_sc_hd__o21a_2)
                                         _032_ (net)
                  0.03    0.00    2.56 ^ _189_/D (sky130_fd_sc_hd__dfxtp_2)
                                  2.56   data arrival time

                  0.15   10.00   10.00   clock clk (rise edge)
                          0.00   10.00   clock network delay (ideal)
                         -0.25    9.75   clock uncertainty
                          0.00    9.75   clock reconvergence pessimism
                                  9.75 ^ _189_/CLK (sky130_fd_sc_hd__dfxtp_2)
                         -0.04    9.71   library setup time
                                  9.71   data required time
-----------------------------------------------------------------------------
                                  9.71   data required time
                                 -2.56   data arrival time
-----------------------------------------------------------------------------
                                  7.15   slack (MET)


Startpoint: _167_ (rising edge-triggered flip-flop clocked by clk)
Endpoint: rx_data[2] (output port clocked by clk)
Path Group: clk
Path Type: max

Fanout     Cap    Slew   Delay    Time   Description
-----------------------------------------------------------------------------
                  0.15    0.00    0.00   clock clk (rise edge)
                          0.00    0.00   clock network delay (ideal)
                  0.15    0.00    0.00 ^ _167_/CLK (sky130_fd_sc_hd__dfxtp_2)
     2    0.00    0.04    0.37    0.37 ^ _167_/Q (sky130_fd_sc_hd__dfxtp_2)
                                         rx_data[2] (net)
                  0.04    0.00    0.37 ^ rx_data[2] (out)
                                  0.37   data arrival time

                  0.15   10.00   10.00   clock clk (rise edge)
                          0.00   10.00   clock network delay (ideal)
                         -0.25    9.75   clock uncertainty
                          0.00    9.75   clock reconvergence pessimism
                         -2.00    7.75   output external delay
                                  7.75   data required time
-----------------------------------------------------------------------------
                                  7.75   data required time
                                 -0.37   data arrival time
-----------------------------------------------------------------------------
                                  7.38   slack (MET)


Startpoint: _166_ (rising edge-triggered flip-flop clocked by clk)
Endpoint: rx_data[1] (output port clocked by clk)
Path Group: clk
Path Type: max

Fanout     Cap    Slew   Delay    Time   Description
-----------------------------------------------------------------------------
                  0.15    0.00    0.00   clock clk (rise edge)
                          0.00    0.00   clock network delay (ideal)
                  0.15    0.00    0.00 ^ _166_/CLK (sky130_fd_sc_hd__dfxtp_2)
     2    0.00    0.04    0.36    0.36 ^ _166_/Q (sky130_fd_sc_hd__dfxtp_2)
                                         rx_data[1] (net)
                  0.04    0.00    0.36 ^ rx_data[1] (out)
                                  0.36   data arrival time

                  0.15   10.00   10.00   clock clk (rise edge)
                          0.00   10.00   clock network delay (ideal)
                         -0.25    9.75   clock uncertainty
                          0.00    9.75   clock reconvergence pessimism
                         -2.00    7.75   output external delay
                                  7.75   data required time
-----------------------------------------------------------------------------
                                  7.75   data required time
                                 -0.36   data arrival time
-----------------------------------------------------------------------------
                                  7.39   slack (MET)


Startpoint: _165_ (rising edge-triggered flip-flop clocked by clk)
Endpoint: rx_data[0] (output port clocked by clk)
Path Group: clk
Path Type: max

Fanout     Cap    Slew   Delay    Time   Description
-----------------------------------------------------------------------------
                  0.15    0.00    0.00   clock clk (rise edge)
                          0.00    0.00   clock network delay (ideal)
                  0.15    0.00    0.00 ^ _165_/CLK (sky130_fd_sc_hd__dfxtp_2)
     2    0.00    0.03    0.36    0.36 ^ _165_/Q (sky130_fd_sc_hd__dfxtp_2)
                                         rx_data[0] (net)
                  0.03    0.00    0.36 ^ rx_data[0] (out)
                                  0.36   data arrival time

                  0.15   10.00   10.00   clock clk (rise edge)
                          0.00   10.00   clock network delay (ideal)
                         -0.25    9.75   clock uncertainty
                          0.00    9.75   clock reconvergence pessimism
                         -2.00    7.75   output external delay
                                  7.75   data required time
-----------------------------------------------------------------------------
                                  7.75   data required time
                                 -0.36   data arrival time
-----------------------------------------------------------------------------
                                  7.39   slack (MET)


Startpoint: _169_ (rising edge-triggered flip-flop clocked by clk)
Endpoint: rx_data[4] (output port clocked by clk)
Path Group: clk
Path Type: max

Fanout     Cap    Slew   Delay    Time   Description
-----------------------------------------------------------------------------
                  0.15    0.00    0.00   clock clk (rise edge)
                          0.00    0.00   clock network delay (ideal)
                  0.15    0.00    0.00 ^ _169_/CLK (sky130_fd_sc_hd__dfxtp_2)
     2    0.00    0.03    0.36    0.36 ^ _169_/Q (sky130_fd_sc_hd__dfxtp_2)
                                         rx_data[4] (net)
                  0.03    0.00    0.36 ^ rx_data[4] (out)
                                  0.36   data arrival time

                  0.15   10.00   10.00   clock clk (rise edge)
                          0.00   10.00   clock network delay (ideal)
                         -0.25    9.75   clock uncertainty
                          0.00    9.75   clock reconvergence pessimism
                         -2.00    7.75   output external delay
                                  7.75   data required time
-----------------------------------------------------------------------------
                                  7.75   data required time
                                 -0.36   data arrival time
-----------------------------------------------------------------------------
                                  7.39   slack (MET)


Startpoint: _171_ (rising edge-triggered flip-flop clocked by clk)
Endpoint: rx_data[6] (output port clocked by clk)
Path Group: clk
Path Type: max

Fanout     Cap    Slew   Delay    Time   Description
-----------------------------------------------------------------------------
                  0.15    0.00    0.00   clock clk (rise edge)
                          0.00    0.00   clock network delay (ideal)
                  0.15    0.00    0.00 ^ _171_/CLK (sky130_fd_sc_hd__dfxtp_2)
     2    0.00    0.03    0.36    0.36 ^ _171_/Q (sky130_fd_sc_hd__dfxtp_2)
                                         rx_data[6] (net)
                  0.03    0.00    0.36 ^ rx_data[6] (out)
                                  0.36   data arrival time

                  0.15   10.00   10.00   clock clk (rise edge)
                          0.00   10.00   clock network delay (ideal)
                         -0.25    9.75   clock uncertainty
                          0.00    9.75   clock reconvergence pessimism
                         -2.00    7.75   output external delay
                                  7.75   data required time
-----------------------------------------------------------------------------
                                  7.75   data required time
                                 -0.36   data arrival time
-----------------------------------------------------------------------------
                                  7.39   slack (MET)


Startpoint: _168_ (rising edge-triggered flip-flop clocked by clk)
Endpoint: rx_data[3] (output port clocked by clk)
Path Group: clk
Path Type: max

Fanout     Cap    Slew   Delay    Time   Description
-----------------------------------------------------------------------------
                  0.15    0.00    0.00   clock clk (rise edge)
                          0.00    0.00   clock network delay (ideal)
                  0.15    0.00    0.00 ^ _168_/CLK (sky130_fd_sc_hd__dfxtp_2)
     2    0.00    0.04    0.36    0.36 ^ _168_/Q (sky130_fd_sc_hd__dfxtp_2)
                                         rx_data[3] (net)
                  0.04    0.00    0.36 ^ rx_data[3] (out)
                                  0.36   data arrival time

                  0.15   10.00   10.00   clock clk (rise edge)
                          0.00   10.00   clock network delay (ideal)
                         -0.25    9.75   clock uncertainty
                          0.00    9.75   clock reconvergence pessimism
                         -2.00    7.75   output external delay
                                  7.75   data required time
-----------------------------------------------------------------------------
                                  7.75   data required time
                                 -0.36   data arrival time
-----------------------------------------------------------------------------
                                  7.39   slack (MET)


Startpoint: _170_ (rising edge-triggered flip-flop clocked by clk)
Endpoint: rx_data[5] (output port clocked by clk)
Path Group: clk
Path Type: max

Fanout     Cap    Slew   Delay    Time   Description
-----------------------------------------------------------------------------
                  0.15    0.00    0.00   clock clk (rise edge)
                          0.00    0.00   clock network delay (ideal)
                  0.15    0.00    0.00 ^ _170_/CLK (sky130_fd_sc_hd__dfxtp_2)
     2    0.00    0.03    0.36    0.36 ^ _170_/Q (sky130_fd_sc_hd__dfxtp_2)
                                         rx_data[5] (net)
                  0.03    0.00    0.36 ^ rx_data[5] (out)
                                  0.36   data arrival time

                  0.15   10.00   10.00   clock clk (rise edge)
                          0.00   10.00   clock network delay (ideal)
                         -0.25    9.75   clock uncertainty
                          0.00    9.75   clock reconvergence pessimism
                         -2.00    7.75   output external delay
                                  7.75   data required time
-----------------------------------------------------------------------------
                                  7.75   data required time
                                 -0.36   data arrival time
-----------------------------------------------------------------------------
                                  7.39   slack (MET)


Startpoint: _172_ (rising edge-triggered flip-flop clocked by clk)
Endpoint: rx_data[7] (output port clocked by clk)
Path Group: clk
Path Type: max

Fanout     Cap    Slew   Delay    Time   Description
-----------------------------------------------------------------------------
                  0.15    0.00    0.00   clock clk (rise edge)
                          0.00    0.00   clock network delay (ideal)
                  0.15    0.00    0.00 ^ _172_/CLK (sky130_fd_sc_hd__dfxtp_2)
     2    0.00    0.03    0.36    0.36 ^ _172_/Q (sky130_fd_sc_hd__dfxtp_2)
                                         rx_data[7] (net)
                  0.03    0.00    0.36 ^ rx_data[7] (out)
                                  0.36   data arrival time

                  0.15   10.00   10.00   clock clk (rise edge)
                          0.00   10.00   clock network delay (ideal)
                         -0.25    9.75   clock uncertainty
                          0.00    9.75   clock reconvergence pessimism
                         -2.00    7.75   output external delay
                                  7.75   data required time
-----------------------------------------------------------------------------
                                  7.75   data required time
                                 -0.36   data arrival time
-----------------------------------------------------------------------------
                                  7.39   slack (MET)


Startpoint: _177_ (rising edge-triggered flip-flop clocked by clk)
Endpoint: Tx (output port clocked by clk)
Path Group: clk
Path Type: max

Fanout     Cap    Slew   Delay    Time   Description
-----------------------------------------------------------------------------
                  0.15    0.00    0.00   clock clk (rise edge)
                          0.00    0.00   clock network delay (ideal)
                  0.15    0.00    0.00 ^ _177_/CLK (sky130_fd_sc_hd__dfxtp_2)
     1    0.00    0.02    0.35    0.35 ^ _177_/Q (sky130_fd_sc_hd__dfxtp_2)
                                         Tx (net)
                  0.02    0.00    0.35 ^ Tx (out)
                                  0.35   data arrival time

                  0.15   10.00   10.00   clock clk (rise edge)
                          0.00   10.00   clock network delay (ideal)
                         -0.25    9.75   clock uncertainty
                          0.00    9.75   clock reconvergence pessimism
                         -2.00    7.75   output external delay
                                  7.75   data required time
-----------------------------------------------------------------------------
                                  7.75   data required time
                                 -0.35   data arrival time
-----------------------------------------------------------------------------
                                  7.40   slack (MET)


Startpoint: enable (input port clocked by clk)
Endpoint: _177_ (rising edge-triggered flip-flop clocked by clk)
Path Group: clk
Path Type: max

Fanout     Cap    Slew   Delay    Time   Description
-----------------------------------------------------------------------------
                  0.15    0.00    0.00   clock clk (rise edge)
                          0.00    0.00   clock network delay (ideal)
                          2.00    2.00 v input external delay
     7    0.01    0.03    0.02    2.02 v enable (in)
                                         enable (net)
                  0.03    0.00    2.02 v _131_/C (sky130_fd_sc_hd__and3_2)
     1    0.00    0.04    0.20    2.23 v _131_/X (sky130_fd_sc_hd__and3_2)
                                         _020_ (net)
                  0.04    0.00    2.23 v _177_/D (sky130_fd_sc_hd__dfxtp_2)
                                  2.23   data arrival time

                  0.15   10.00   10.00   clock clk (rise edge)
                          0.00   10.00   clock network delay (ideal)
                         -0.25    9.75   clock uncertainty
                          0.00    9.75   clock reconvergence pessimism
                                  9.75 ^ _177_/CLK (sky130_fd_sc_hd__dfxtp_2)
                         -0.08    9.67   library setup time
                                  9.67   data required time
-----------------------------------------------------------------------------
                                  9.67   data required time
                                 -2.23   data arrival time
-----------------------------------------------------------------------------
                                  7.44   slack (MET)



worst slack corner Typical: 6.7757
